// Jest Snapshot v1, https://goo.gl/fbAQLP

exports[`renders without crashing 1`] = `
Object {
  "asFragment": [Function],
  "baseElement": <body>
    <div>
      <div
        class="Content"
      >
        <div>
          <div
            class="SearchContainer"
          >
            <div
              class="SearchBarContainer"
            >
              <input
                class="SearchBar"
                id="searchBar"
                placeholder="Search for a Pokémon!"
                type="text"
                value=""
              />
            </div>
          </div>
          <div
            class="Carousel"
          >
            <div
              class="carousel carousel-slider"
              style="width: 100%;"
            >
              <button
                class="control-arrow control-prev control-disabled"
                type="button"
              />
              <div
                class="slider-wrapper axis-vertical"
              >
                <ul
                  class="slider animated"
                  style="transform: translate3d(0,0%,0); transition-duration: 350ms;"
                >
                  <li
                    class="slide selected"
                  >
                    <div
                      data-testid="0"
                    >
                      <div
                        class="Pokemon"
                      >
                        <div
                          class="PokemonHeader"
                        >
                          <img
                            alt="Image of the Pokémon Bulbasaur."
                            src="https://raw.githubusercontent.com/PokeAPI/sprites/master/sprites/pokemon/1.png"
                          />
                          <div
                            class="PokemonName"
                          >
                            Bulbasaur
                          </div>
                          <div
                            class="PokemonNumberAndType"
                          >
                            #001
                             
                            Poison/Grass
                          </div>
                        </div>
                        <div
                          class="PokemonDescription"
                        >
                          Bulbasaur
                           is 
                          #001
                          , a 
                          poison/grass
                           Pokémon. 
                          Bulbasaur can be seen napping in bright sunlight. There is a seed on its back. By soaking up the sun’s rays, the seed grows progressively larger.
                        </div>
                      </div>
                      <br />
                    </div>
                  </li>
                  <li
                    class="slide"
                  >
                    <div
                      data-testid="1"
                    >
                      <div
                        class="Pokemon"
                      >
                        <div
                          class="PokemonHeader"
                        >
                          <img
                            alt="Image of the Pokémon Ivysaur."
                            src="https://raw.githubusercontent.com/PokeAPI/sprites/master/sprites/pokemon/2.png"
                          />
                          <div
                            class="PokemonName"
                          >
                            Ivysaur
                          </div>
                          <div
                            class="PokemonNumberAndType"
                          >
                            #002
                             
                            Poison/Grass
                          </div>
                        </div>
                        <div
                          class="PokemonDescription"
                        >
                          Ivysaur
                           is 
                          #002
                          , a 
                          poison/grass
                           Pokémon. 
                          There is a bud on this Pokémon’s back. To support its weight, Ivysaur’s legs and trunk grow thick and strong. If it starts spending more time lying in the sunlight, it’s a sign that the bud will bloom into a large flower soon.
                        </div>
                      </div>
                      <br />
                    </div>
                  </li>
                  <li
                    class="slide"
                  >
                    <div
                      data-testid="2"
                    >
                      <div
                        class="Pokemon"
                      >
                        <div
                          class="PokemonHeader"
                        >
                          <img
                            alt="Image of the Pokémon Venusaur."
                            src="https://raw.githubusercontent.com/PokeAPI/sprites/master/sprites/pokemon/3.png"
                          />
                          <div
                            class="PokemonName"
                          >
                            Venusaur
                          </div>
                          <div
                            class="PokemonNumberAndType"
                          >
                            #003
                             
                            Poison/Grass
                          </div>
                        </div>
                        <div
                          class="PokemonDescription"
                        >
                          Venusaur
                           is 
                          #003
                          , a 
                          poison/grass
                           Pokémon. 
                          There is a large flower on Venusaur’s back. The flower is said to take on vivid colors if it gets plenty of nutrition and sunlight. The flower’s aroma soothes the emotions of people.
                        </div>
                      </div>
                      <br />
                    </div>
                  </li>
                  <li
                    class="slide"
                  >
                    <div
                      data-testid="3"
                    >
                      <div
                        class="Pokemon"
                      >
                        <div
                          class="PokemonHeader"
                        >
                          <img
                            alt="Image of the Pokémon Charmander."
                            src="https://raw.githubusercontent.com/PokeAPI/sprites/master/sprites/pokemon/4.png"
                          />
                          <div
                            class="PokemonName"
                          >
                            Charmander
                          </div>
                          <div
                            class="PokemonNumberAndType"
                          >
                            #004
                             
                            Fire
                          </div>
                        </div>
                        <div
                          class="PokemonDescription"
                        >
                          Charmander
                           is 
                          #004
                          , a 
                          fire
                           Pokémon. 
                          The flame that burns at the tip of its tail is an indication of its emotions. The flame wavers when Charmander is enjoying itself. If the Pokémon becomes enraged, the flame burns fiercely.
                        </div>
                      </div>
                      <br />
                    </div>
                  </li>
                  <li
                    class="slide"
                  >
                    <div
                      data-testid="4"
                    >
                      <div
                        class="Pokemon"
                      >
                        <div
                          class="PokemonHeader"
                        >
                          <img
                            alt="Image of the Pokémon Charmeleon."
                            src="https://raw.githubusercontent.com/PokeAPI/sprites/master/sprites/pokemon/5.png"
                          />
                          <div
                            class="PokemonName"
                          >
                            Charmeleon
                          </div>
                          <div
                            class="PokemonNumberAndType"
                          >
                            #005
                             
                            Fire
                          </div>
                        </div>
                        <div
                          class="PokemonDescription"
                        >
                          Charmeleon
                           is 
                          #005
                          , a 
                          fire
                           Pokémon. 
                          Charmeleon mercilessly destroys its foes using its sharp claws. If it encounters a strong foe, it turns aggressive. In this excited state, the flame at the tip of its tail flares with a bluish white color.
                        </div>
                      </div>
                      <br />
                    </div>
                  </li>
                  <li
                    class="slide"
                  >
                    <div
                      data-testid="5"
                    >
                      <div
                        class="Pokemon"
                      >
                        <div
                          class="PokemonHeader"
                        >
                          <img
                            alt="Image of the Pokémon Charizard."
                            src="https://raw.githubusercontent.com/PokeAPI/sprites/master/sprites/pokemon/6.png"
                          />
                          <div
                            class="PokemonName"
                          >
                            Charizard
                          </div>
                          <div
                            class="PokemonNumberAndType"
                          >
                            #006
                             
                            Fire
                          </div>
                        </div>
                        <div
                          class="PokemonDescription"
                        >
                          Charizard
                           is 
                          #006
                          , a 
                          fire
                           Pokémon. 
                          Charizard flies around the sky in search of powerful opponents. It breathes fire of such great heat that it melts anything. However, it never turns its fiery breath on any opponent weaker than itself.
                        </div>
                      </div>
                      <br />
                    </div>
                  </li>
                  <li
                    class="slide"
                  >
                    <div
                      data-testid="6"
                    >
                      <div
                        class="Pokemon"
                      >
                        <div
                          class="PokemonHeader"
                        >
                          <img
                            alt="Image of the Pokémon Squirtle."
                            src="https://raw.githubusercontent.com/PokeAPI/sprites/master/sprites/pokemon/7.png"
                          />
                          <div
                            class="PokemonName"
                          >
                            Squirtle
                          </div>
                          <div
                            class="PokemonNumberAndType"
                          >
                            #007
                             
                            Water
                          </div>
                        </div>
                        <div
                          class="PokemonDescription"
                        >
                          Squirtle
                           is 
                          #007
                          , a 
                          water
                           Pokémon. 
                          Squirtle’s shell is not merely used for protection. The shell’s rounded shape and the grooves on its surface help minimize resistance in water, enabling this Pokémon to swim at high speeds.
                        </div>
                      </div>
                      <br />
                    </div>
                  </li>
                  <li
                    class="slide"
                  >
                    <div
                      data-testid="7"
                    >
                      <div
                        class="Pokemon"
                      >
                        <div
                          class="PokemonHeader"
                        >
                          <img
                            alt="Image of the Pokémon Wartortle."
                            src="https://raw.githubusercontent.com/PokeAPI/sprites/master/sprites/pokemon/8.png"
                          />
                          <div
                            class="PokemonName"
                          >
                            Wartortle
                          </div>
                          <div
                            class="PokemonNumberAndType"
                          >
                            #008
                             
                            Water
                          </div>
                        </div>
                        <div
                          class="PokemonDescription"
                        >
                          Wartortle
                           is 
                          #008
                          , a 
                          water
                           Pokémon. 
                          Its tail is large and covered with a rich, thick fur. The tail becomes increasingly deeper in color as Wartortle ages. The scratches on its shell are evidence of this Pokémon’s toughness as a battler.
                        </div>
                      </div>
                      <br />
                    </div>
                  </li>
                  <li
                    class="slide"
                  >
                    <div
                      data-testid="8"
                    >
                      <div
                        class="Pokemon"
                      >
                        <div
                          class="PokemonHeader"
                        >
                          <img
                            alt="Image of the Pokémon Blastoise."
                            src="https://raw.githubusercontent.com/PokeAPI/sprites/master/sprites/pokemon/9.png"
                          />
                          <div
                            class="PokemonName"
                          >
                            Blastoise
                          </div>
                          <div
                            class="PokemonNumberAndType"
                          >
                            #009
                             
                            Water
                          </div>
                        </div>
                        <div
                          class="PokemonDescription"
                        >
                          Blastoise
                           is 
                          #009
                          , a 
                          water
                           Pokémon. 
                          Blastoise has water spouts that protrude from its shell. The water spouts are very accurate. They can shoot bullets of water with enough accuracy to strike empty cans from a distance of over 160 feet.
                        </div>
                      </div>
                      <br />
                    </div>
                  </li>
                  <li
                    class="slide"
                  >
                    <div
                      data-testid="9"
                    >
                      <div
                        class="Pokemon"
                      >
                        <div
                          class="PokemonHeader"
                        >
                          <img
                            alt="Image of the Pokémon Caterpie."
                            src="https://raw.githubusercontent.com/PokeAPI/sprites/master/sprites/pokemon/10.png"
                          />
                          <div
                            class="PokemonName"
                          >
                            Caterpie
                          </div>
                          <div
                            class="PokemonNumberAndType"
                          >
                            #010
                             
                            Bug
                          </div>
                        </div>
                        <div
                          class="PokemonDescription"
                        >
                          Caterpie
                           is 
                          #010
                          , a 
                          bug
                           Pokémon. 
                          Perhaps because it would like to grow up quickly, it has a voracious appetite, eating a hundred leaves a day.
                        </div>
                      </div>
                      <br />
                    </div>
                  </li>
                  <li
                    class="slide"
                  >
                    <div
                      data-testid="10"
                    >
                      <div
                        class="Pokemon"
                      >
                        <div
                          class="PokemonHeader"
                        >
                          <img
                            alt="Image of the Pokémon Metapod."
                            src="https://raw.githubusercontent.com/PokeAPI/sprites/master/sprites/pokemon/11.png"
                          />
                          <div
                            class="PokemonName"
                          >
                            Metapod
                          </div>
                          <div
                            class="PokemonNumberAndType"
                          >
                            #011
                             
                            Bug
                          </div>
                        </div>
                        <div
                          class="PokemonDescription"
                        >
                          Metapod
                           is 
                          #011
                          , a 
                          bug
                           Pokémon. 
                          Its shell is filled with a thick liquid. All of the cells throughout its body are being rebuilt in preparation for evolution.
                        </div>
                      </div>
                      <br />
                    </div>
                  </li>
                  <li
                    class="slide"
                  >
                    <div
                      data-testid="11"
                    >
                      <div
                        class="Pokemon"
                      >
                        <div
                          class="PokemonHeader"
                        >
                          <img
                            alt="Image of the Pokémon Butterfree."
                            src="https://raw.githubusercontent.com/PokeAPI/sprites/master/sprites/pokemon/12.png"
                          />
                          <div
                            class="PokemonName"
                          >
                            Butterfree
                          </div>
                          <div
                            class="PokemonNumberAndType"
                          >
                            #012
                             
                            Flying/Bug
                          </div>
                        </div>
                        <div
                          class="PokemonDescription"
                        >
                          Butterfree
                           is 
                          #012
                          , a 
                          flying/bug
                           Pokémon. 
                          Its wings are covered in toxic scales. If it finds bird Pokémon going after Caterpie, Butterfree sprinkles its scales on them to drive them off.
                        </div>
                      </div>
                      <br />
                    </div>
                  </li>
                  <li
                    class="slide"
                  >
                    <div
                      data-testid="12"
                    >
                      <div
                        class="Pokemon"
                      >
                        <div
                          class="PokemonHeader"
                        >
                          <img
                            alt="Image of the Pokémon Weedle."
                            src="https://raw.githubusercontent.com/PokeAPI/sprites/master/sprites/pokemon/13.png"
                          />
                          <div
                            class="PokemonName"
                          >
                            Weedle
                          </div>
                          <div
                            class="PokemonNumberAndType"
                          >
                            #013
                             
                            Poison/Bug
                          </div>
                        </div>
                        <div
                          class="PokemonDescription"
                        >
                          Weedle
                           is 
                          #013
                          , a 
                          poison/bug
                           Pokémon. 
                          Weedle has an extremely acute sense of smell. It is capable of distinguishing its favorite kinds of leaves from those it dislikes just by sniffing with its big red proboscis (nose).
                        </div>
                      </div>
                      <br />
                    </div>
                  </li>
                  <li
                    class="slide"
                  >
                    <div
                      data-testid="13"
                    >
                      <div
                        class="Pokemon"
                      >
                        <div
                          class="PokemonHeader"
                        >
                          <img
                            alt="Image of the Pokémon Kakuna."
                            src="https://raw.githubusercontent.com/PokeAPI/sprites/master/sprites/pokemon/14.png"
                          />
                          <div
                            class="PokemonName"
                          >
                            Kakuna
                          </div>
                          <div
                            class="PokemonNumberAndType"
                          >
                            #014
                             
                            Poison/Bug
                          </div>
                        </div>
                        <div
                          class="PokemonDescription"
                        >
                          Kakuna
                           is 
                          #014
                          , a 
                          poison/bug
                           Pokémon. 
                          Kakuna remains virtually immobile as it clings to a tree. However, on the inside, it is extremely busy as it prepares for its coming evolution. This is evident from how hot the shell becomes to the touch.
                        </div>
                      </div>
                      <br />
                    </div>
                  </li>
                  <li
                    class="slide"
                  >
                    <div
                      data-testid="14"
                    >
                      <div
                        class="Pokemon"
                      >
                        <div
                          class="PokemonHeader"
                        >
                          <img
                            alt="Image of the Pokémon Beedrill."
                            src="https://raw.githubusercontent.com/PokeAPI/sprites/master/sprites/pokemon/15.png"
                          />
                          <div
                            class="PokemonName"
                          >
                            Beedrill
                          </div>
                          <div
                            class="PokemonNumberAndType"
                          >
                            #015
                             
                            Poison/Bug
                          </div>
                        </div>
                        <div
                          class="PokemonDescription"
                        >
                          Beedrill
                           is 
                          #015
                          , a 
                          poison/bug
                           Pokémon. 
                          Beedrill is extremely territorial. No one should ever approach its nest—this is for their own safety. If angered, they will attack in a furious swarm.
                        </div>
                      </div>
                      <br />
                    </div>
                  </li>
                  <li
                    class="slide"
                  >
                    <div
                      data-testid="15"
                    >
                      <div
                        class="Pokemon"
                      >
                        <div
                          class="PokemonHeader"
                        >
                          <img
                            alt="Image of the Pokémon Pidgey."
                            src="https://raw.githubusercontent.com/PokeAPI/sprites/master/sprites/pokemon/16.png"
                          />
                          <div
                            class="PokemonName"
                          >
                            Pidgey
                          </div>
                          <div
                            class="PokemonNumberAndType"
                          >
                            #016
                             
                            Flying/Normal
                          </div>
                        </div>
                        <div
                          class="PokemonDescription"
                        >
                          Pidgey
                           is 
                          #016
                          , a 
                          flying/normal
                           Pokémon. 
                          Pidgey has an extremely sharp sense of direction. It is capable of unerringly returning home to its nest, however far it may be removed from its familiar surroundings.
                        </div>
                      </div>
                      <br />
                    </div>
                  </li>
                  <li
                    class="slide"
                  >
                    <div
                      data-testid="16"
                    >
                      <div
                        class="Pokemon"
                      >
                        <div
                          class="PokemonHeader"
                        >
                          <img
                            alt="Image of the Pokémon Pidgeotto."
                            src="https://raw.githubusercontent.com/PokeAPI/sprites/master/sprites/pokemon/17.png"
                          />
                          <div
                            class="PokemonName"
                          >
                            Pidgeotto
                          </div>
                          <div
                            class="PokemonNumberAndType"
                          >
                            #017
                             
                            Flying/Normal
                          </div>
                        </div>
                        <div
                          class="PokemonDescription"
                        >
                          Pidgeotto
                           is 
                          #017
                          , a 
                          flying/normal
                           Pokémon. 
                          Pidgeotto claims a large area as its own territory. This Pokémon flies around, patrolling its living space. If its territory is violated, it shows no mercy in thoroughly punishing the foe with its sharp claws.
                        </div>
                      </div>
                      <br />
                    </div>
                  </li>
                  <li
                    class="slide"
                  >
                    <div
                      data-testid="17"
                    >
                      <div
                        class="Pokemon"
                      >
                        <div
                          class="PokemonHeader"
                        >
                          <img
                            alt="Image of the Pokémon Pidgeot."
                            src="https://raw.githubusercontent.com/PokeAPI/sprites/master/sprites/pokemon/18.png"
                          />
                          <div
                            class="PokemonName"
                          >
                            Pidgeot
                          </div>
                          <div
                            class="PokemonNumberAndType"
                          >
                            #018
                             
                            Flying/Normal
                          </div>
                        </div>
                        <div
                          class="PokemonDescription"
                        >
                          Pidgeot
                           is 
                          #018
                          , a 
                          flying/normal
                           Pokémon. 
                          This Pokémon has a dazzling plumage of beautifully glossy feathers. Many Trainers are captivated by the striking beauty of the feathers on its head, compelling them to choose Pidgeot as their Pokémon.
                        </div>
                      </div>
                      <br />
                    </div>
                  </li>
                  <li
                    class="slide"
                  >
                    <div
                      data-testid="18"
                    >
                      <div
                        class="Pokemon"
                      >
                        <div
                          class="PokemonHeader"
                        >
                          <img
                            alt="Image of the Pokémon Rattata."
                            src="https://raw.githubusercontent.com/PokeAPI/sprites/master/sprites/pokemon/19.png"
                          />
                          <div
                            class="PokemonName"
                          >
                            Rattata
                          </div>
                          <div
                            class="PokemonNumberAndType"
                          >
                            #019
                             
                            Normal
                          </div>
                        </div>
                        <div
                          class="PokemonDescription"
                        >
                          Rattata
                           is 
                          #019
                          , a 
                          normal
                           Pokémon. 
                          Its incisors grow continuously throughout its life. If its incisors get too long, this Pokémon becomes unable to eat, and it starves to death.
                        </div>
                      </div>
                      <br />
                    </div>
                  </li>
                  <li
                    class="slide"
                  >
                    <div
                      data-testid="19"
                    >
                      <div
                        class="Pokemon"
                      >
                        <div
                          class="PokemonHeader"
                        >
                          <img
                            alt="Image of the Pokémon Raticate."
                            src="https://raw.githubusercontent.com/PokeAPI/sprites/master/sprites/pokemon/20.png"
                          />
                          <div
                            class="PokemonName"
                          >
                            Raticate
                          </div>
                          <div
                            class="PokemonNumberAndType"
                          >
                            #020
                             
                            Normal
                          </div>
                        </div>
                        <div
                          class="PokemonDescription"
                        >
                          Raticate
                           is 
                          #020
                          , a 
                          normal
                           Pokémon. 
                          People say that it fled from its enemies by using its small webbed hind feet to swim from island to island in Alola.
                        </div>
                      </div>
                      <br />
                    </div>
                  </li>
                </ul>
              </div>
              <button
                class="control-arrow control-next control-disabled"
                type="button"
              />
            </div>
          </div>
          <div
            class="DetailedView"
          >
            <div
              class="InfoBox"
            >
              <div
                class="PokemonHeader"
              >
                <img
                  alt="Image of the Pokémon Bulbasaur."
                  src="https://raw.githubusercontent.com/PokeAPI/sprites/master/sprites/pokemon/1.png"
                />
                <div
                  class="PokemonName"
                >
                  Bulbasaur
                </div>
                <div
                  class="PokemonNumberAndType"
                >
                  #001
                  <br />
                  Poison/Grass
                </div>
              </div>
              <div
                class="Evolution"
              >
                <div
                  class="spritesAndArrows"
                >
                  <div
                    class="SpriteAndArrow"
                  >
                    <img
                      alt="Image of Bulbasaur"
                      src="https://raw.githubusercontent.com/PokeAPI/sprites/master/sprites/pokemon/1.png"
                    />
                    <div
                      class="Arrow"
                    >
                       &gt; 
                    </div>
                  </div>
                  <div
                    class="SpriteAndArrow"
                  >
                    <img
                      alt="Image of Ivysaur"
                      src="https://raw.githubusercontent.com/PokeAPI/sprites/master/sprites/pokemon/2.png"
                    />
                    <div
                      class="Arrow"
                    >
                       &gt; 
                    </div>
                  </div>
                  <div
                    class="SpriteAndArrow"
                  >
                    <img
                      alt="Image of Venusaur"
                      src="https://raw.githubusercontent.com/PokeAPI/sprites/master/sprites/pokemon/3.png"
                    />
                  </div>
                </div>
              </div>
              <div
                class="Moveset"
              >
                <div
                  class="Move"
                >
                  <div
                    class="MoveName"
                  >
                    Razor-Wind
                  </div>
                  <div
                    class="MoveTypes"
                  >
                    Normal
                  </div>
                  <div
                    class="MoveDescription"
                  >
                    Inflicts regular damage. User's critical hit rate is one level higher when using this move. User charges for one turn before attacking. This move cannot be selected by sleep talk.
                  </div>
                </div>
                <div
                  class="Move"
                >
                  <div
                    class="MoveName"
                  >
                    Swords-Dance
                  </div>
                  <div
                    class="MoveTypes"
                  >
                    Normal
                  </div>
                  <div
                    class="MoveDescription"
                  >
                    Raises the user's Attack by two stages.
                  </div>
                </div>
                <div
                  class="Move"
                >
                  <div
                    class="MoveName"
                  >
                    Cut
                  </div>
                  <div
                    class="MoveTypes"
                  >
                    Normal
                  </div>
                  <div
                    class="MoveDescription"
                  >
                    Inflicts regular damage.
                  </div>
                </div>
              </div>
            </div>
          </div>
        </div>
      </div>
    </div>
  </body>,
  "container": <div>
    <div
      class="Content"
    >
      <div>
        <div
          class="SearchContainer"
        >
          <div
            class="SearchBarContainer"
          >
            <input
              class="SearchBar"
              id="searchBar"
              placeholder="Search for a Pokémon!"
              type="text"
              value=""
            />
          </div>
        </div>
        <div
          class="Carousel"
        >
          <div
            class="carousel carousel-slider"
            style="width: 100%;"
          >
            <button
              class="control-arrow control-prev control-disabled"
              type="button"
            />
            <div
              class="slider-wrapper axis-vertical"
            >
              <ul
                class="slider animated"
                style="transform: translate3d(0,0%,0); transition-duration: 350ms;"
              >
                <li
                  class="slide selected"
                >
                  <div
                    data-testid="0"
                  >
                    <div
                      class="Pokemon"
                    >
                      <div
                        class="PokemonHeader"
                      >
                        <img
                          alt="Image of the Pokémon Bulbasaur."
                          src="https://raw.githubusercontent.com/PokeAPI/sprites/master/sprites/pokemon/1.png"
                        />
                        <div
                          class="PokemonName"
                        >
                          Bulbasaur
                        </div>
                        <div
                          class="PokemonNumberAndType"
                        >
                          #001
                           
                          Poison/Grass
                        </div>
                      </div>
                      <div
                        class="PokemonDescription"
                      >
                        Bulbasaur
                         is 
                        #001
                        , a 
                        poison/grass
                         Pokémon. 
                        Bulbasaur can be seen napping in bright sunlight. There is a seed on its back. By soaking up the sun’s rays, the seed grows progressively larger.
                      </div>
                    </div>
                    <br />
                  </div>
                </li>
                <li
                  class="slide"
                >
                  <div
                    data-testid="1"
                  >
                    <div
                      class="Pokemon"
                    >
                      <div
                        class="PokemonHeader"
                      >
                        <img
                          alt="Image of the Pokémon Ivysaur."
                          src="https://raw.githubusercontent.com/PokeAPI/sprites/master/sprites/pokemon/2.png"
                        />
                        <div
                          class="PokemonName"
                        >
                          Ivysaur
                        </div>
                        <div
                          class="PokemonNumberAndType"
                        >
                          #002
                           
                          Poison/Grass
                        </div>
                      </div>
                      <div
                        class="PokemonDescription"
                      >
                        Ivysaur
                         is 
                        #002
                        , a 
                        poison/grass
                         Pokémon. 
                        There is a bud on this Pokémon’s back. To support its weight, Ivysaur’s legs and trunk grow thick and strong. If it starts spending more time lying in the sunlight, it’s a sign that the bud will bloom into a large flower soon.
                      </div>
                    </div>
                    <br />
                  </div>
                </li>
                <li
                  class="slide"
                >
                  <div
                    data-testid="2"
                  >
                    <div
                      class="Pokemon"
                    >
                      <div
                        class="PokemonHeader"
                      >
                        <img
                          alt="Image of the Pokémon Venusaur."
                          src="https://raw.githubusercontent.com/PokeAPI/sprites/master/sprites/pokemon/3.png"
                        />
                        <div
                          class="PokemonName"
                        >
                          Venusaur
                        </div>
                        <div
                          class="PokemonNumberAndType"
                        >
                          #003
                           
                          Poison/Grass
                        </div>
                      </div>
                      <div
                        class="PokemonDescription"
                      >
                        Venusaur
                         is 
                        #003
                        , a 
                        poison/grass
                         Pokémon. 
                        There is a large flower on Venusaur’s back. The flower is said to take on vivid colors if it gets plenty of nutrition and sunlight. The flower’s aroma soothes the emotions of people.
                      </div>
                    </div>
                    <br />
                  </div>
                </li>
                <li
                  class="slide"
                >
                  <div
                    data-testid="3"
                  >
                    <div
                      class="Pokemon"
                    >
                      <div
                        class="PokemonHeader"
                      >
                        <img
                          alt="Image of the Pokémon Charmander."
                          src="https://raw.githubusercontent.com/PokeAPI/sprites/master/sprites/pokemon/4.png"
                        />
                        <div
                          class="PokemonName"
                        >
                          Charmander
                        </div>
                        <div
                          class="PokemonNumberAndType"
                        >
                          #004
                           
                          Fire
                        </div>
                      </div>
                      <div
                        class="PokemonDescription"
                      >
                        Charmander
                         is 
                        #004
                        , a 
                        fire
                         Pokémon. 
                        The flame that burns at the tip of its tail is an indication of its emotions. The flame wavers when Charmander is enjoying itself. If the Pokémon becomes enraged, the flame burns fiercely.
                      </div>
                    </div>
                    <br />
                  </div>
                </li>
                <li
                  class="slide"
                >
                  <div
                    data-testid="4"
                  >
                    <div
                      class="Pokemon"
                    >
                      <div
                        class="PokemonHeader"
                      >
                        <img
                          alt="Image of the Pokémon Charmeleon."
                          src="https://raw.githubusercontent.com/PokeAPI/sprites/master/sprites/pokemon/5.png"
                        />
                        <div
                          class="PokemonName"
                        >
                          Charmeleon
                        </div>
                        <div
                          class="PokemonNumberAndType"
                        >
                          #005
                           
                          Fire
                        </div>
                      </div>
                      <div
                        class="PokemonDescription"
                      >
                        Charmeleon
                         is 
                        #005
                        , a 
                        fire
                         Pokémon. 
                        Charmeleon mercilessly destroys its foes using its sharp claws. If it encounters a strong foe, it turns aggressive. In this excited state, the flame at the tip of its tail flares with a bluish white color.
                      </div>
                    </div>
                    <br />
                  </div>
                </li>
                <li
                  class="slide"
                >
                  <div
                    data-testid="5"
                  >
                    <div
                      class="Pokemon"
                    >
                      <div
                        class="PokemonHeader"
                      >
                        <img
                          alt="Image of the Pokémon Charizard."
                          src="https://raw.githubusercontent.com/PokeAPI/sprites/master/sprites/pokemon/6.png"
                        />
                        <div
                          class="PokemonName"
                        >
                          Charizard
                        </div>
                        <div
                          class="PokemonNumberAndType"
                        >
                          #006
                           
                          Fire
                        </div>
                      </div>
                      <div
                        class="PokemonDescription"
                      >
                        Charizard
                         is 
                        #006
                        , a 
                        fire
                         Pokémon. 
                        Charizard flies around the sky in search of powerful opponents. It breathes fire of such great heat that it melts anything. However, it never turns its fiery breath on any opponent weaker than itself.
                      </div>
                    </div>
                    <br />
                  </div>
                </li>
                <li
                  class="slide"
                >
                  <div
                    data-testid="6"
                  >
                    <div
                      class="Pokemon"
                    >
                      <div
                        class="PokemonHeader"
                      >
                        <img
                          alt="Image of the Pokémon Squirtle."
                          src="https://raw.githubusercontent.com/PokeAPI/sprites/master/sprites/pokemon/7.png"
                        />
                        <div
                          class="PokemonName"
                        >
                          Squirtle
                        </div>
                        <div
                          class="PokemonNumberAndType"
                        >
                          #007
                           
                          Water
                        </div>
                      </div>
                      <div
                        class="PokemonDescription"
                      >
                        Squirtle
                         is 
                        #007
                        , a 
                        water
                         Pokémon. 
                        Squirtle’s shell is not merely used for protection. The shell’s rounded shape and the grooves on its surface help minimize resistance in water, enabling this Pokémon to swim at high speeds.
                      </div>
                    </div>
                    <br />
                  </div>
                </li>
                <li
                  class="slide"
                >
                  <div
                    data-testid="7"
                  >
                    <div
                      class="Pokemon"
                    >
                      <div
                        class="PokemonHeader"
                      >
                        <img
                          alt="Image of the Pokémon Wartortle."
                          src="https://raw.githubusercontent.com/PokeAPI/sprites/master/sprites/pokemon/8.png"
                        />
                        <div
                          class="PokemonName"
                        >
                          Wartortle
                        </div>
                        <div
                          class="PokemonNumberAndType"
                        >
                          #008
                           
                          Water
                        </div>
                      </div>
                      <div
                        class="PokemonDescription"
                      >
                        Wartortle
                         is 
                        #008
                        , a 
                        water
                         Pokémon. 
                        Its tail is large and covered with a rich, thick fur. The tail becomes increasingly deeper in color as Wartortle ages. The scratches on its shell are evidence of this Pokémon’s toughness as a battler.
                      </div>
                    </div>
                    <br />
                  </div>
                </li>
                <li
                  class="slide"
                >
                  <div
                    data-testid="8"
                  >
                    <div
                      class="Pokemon"
                    >
                      <div
                        class="PokemonHeader"
                      >
                        <img
                          alt="Image of the Pokémon Blastoise."
                          src="https://raw.githubusercontent.com/PokeAPI/sprites/master/sprites/pokemon/9.png"
                        />
                        <div
                          class="PokemonName"
                        >
                          Blastoise
                        </div>
                        <div
                          class="PokemonNumberAndType"
                        >
                          #009
                           
                          Water
                        </div>
                      </div>
                      <div
                        class="PokemonDescription"
                      >
                        Blastoise
                         is 
                        #009
                        , a 
                        water
                         Pokémon. 
                        Blastoise has water spouts that protrude from its shell. The water spouts are very accurate. They can shoot bullets of water with enough accuracy to strike empty cans from a distance of over 160 feet.
                      </div>
                    </div>
                    <br />
                  </div>
                </li>
                <li
                  class="slide"
                >
                  <div
                    data-testid="9"
                  >
                    <div
                      class="Pokemon"
                    >
                      <div
                        class="PokemonHeader"
                      >
                        <img
                          alt="Image of the Pokémon Caterpie."
                          src="https://raw.githubusercontent.com/PokeAPI/sprites/master/sprites/pokemon/10.png"
                        />
                        <div
                          class="PokemonName"
                        >
                          Caterpie
                        </div>
                        <div
                          class="PokemonNumberAndType"
                        >
                          #010
                           
                          Bug
                        </div>
                      </div>
                      <div
                        class="PokemonDescription"
                      >
                        Caterpie
                         is 
                        #010
                        , a 
                        bug
                         Pokémon. 
                        Perhaps because it would like to grow up quickly, it has a voracious appetite, eating a hundred leaves a day.
                      </div>
                    </div>
                    <br />
                  </div>
                </li>
                <li
                  class="slide"
                >
                  <div
                    data-testid="10"
                  >
                    <div
                      class="Pokemon"
                    >
                      <div
                        class="PokemonHeader"
                      >
                        <img
                          alt="Image of the Pokémon Metapod."
                          src="https://raw.githubusercontent.com/PokeAPI/sprites/master/sprites/pokemon/11.png"
                        />
                        <div
                          class="PokemonName"
                        >
                          Metapod
                        </div>
                        <div
                          class="PokemonNumberAndType"
                        >
                          #011
                           
                          Bug
                        </div>
                      </div>
                      <div
                        class="PokemonDescription"
                      >
                        Metapod
                         is 
                        #011
                        , a 
                        bug
                         Pokémon. 
                        Its shell is filled with a thick liquid. All of the cells throughout its body are being rebuilt in preparation for evolution.
                      </div>
                    </div>
                    <br />
                  </div>
                </li>
                <li
                  class="slide"
                >
                  <div
                    data-testid="11"
                  >
                    <div
                      class="Pokemon"
                    >
                      <div
                        class="PokemonHeader"
                      >
                        <img
                          alt="Image of the Pokémon Butterfree."
                          src="https://raw.githubusercontent.com/PokeAPI/sprites/master/sprites/pokemon/12.png"
                        />
                        <div
                          class="PokemonName"
                        >
                          Butterfree
                        </div>
                        <div
                          class="PokemonNumberAndType"
                        >
                          #012
                           
                          Flying/Bug
                        </div>
                      </div>
                      <div
                        class="PokemonDescription"
                      >
                        Butterfree
                         is 
                        #012
                        , a 
                        flying/bug
                         Pokémon. 
                        Its wings are covered in toxic scales. If it finds bird Pokémon going after Caterpie, Butterfree sprinkles its scales on them to drive them off.
                      </div>
                    </div>
                    <br />
                  </div>
                </li>
                <li
                  class="slide"
                >
                  <div
                    data-testid="12"
                  >
                    <div
                      class="Pokemon"
                    >
                      <div
                        class="PokemonHeader"
                      >
                        <img
                          alt="Image of the Pokémon Weedle."
                          src="https://raw.githubusercontent.com/PokeAPI/sprites/master/sprites/pokemon/13.png"
                        />
                        <div
                          class="PokemonName"
                        >
                          Weedle
                        </div>
                        <div
                          class="PokemonNumberAndType"
                        >
                          #013
                           
                          Poison/Bug
                        </div>
                      </div>
                      <div
                        class="PokemonDescription"
                      >
                        Weedle
                         is 
                        #013
                        , a 
                        poison/bug
                         Pokémon. 
                        Weedle has an extremely acute sense of smell. It is capable of distinguishing its favorite kinds of leaves from those it dislikes just by sniffing with its big red proboscis (nose).
                      </div>
                    </div>
                    <br />
                  </div>
                </li>
                <li
                  class="slide"
                >
                  <div
                    data-testid="13"
                  >
                    <div
                      class="Pokemon"
                    >
                      <div
                        class="PokemonHeader"
                      >
                        <img
                          alt="Image of the Pokémon Kakuna."
                          src="https://raw.githubusercontent.com/PokeAPI/sprites/master/sprites/pokemon/14.png"
                        />
                        <div
                          class="PokemonName"
                        >
                          Kakuna
                        </div>
                        <div
                          class="PokemonNumberAndType"
                        >
                          #014
                           
                          Poison/Bug
                        </div>
                      </div>
                      <div
                        class="PokemonDescription"
                      >
                        Kakuna
                         is 
                        #014
                        , a 
                        poison/bug
                         Pokémon. 
                        Kakuna remains virtually immobile as it clings to a tree. However, on the inside, it is extremely busy as it prepares for its coming evolution. This is evident from how hot the shell becomes to the touch.
                      </div>
                    </div>
                    <br />
                  </div>
                </li>
                <li
                  class="slide"
                >
                  <div
                    data-testid="14"
                  >
                    <div
                      class="Pokemon"
                    >
                      <div
                        class="PokemonHeader"
                      >
                        <img
                          alt="Image of the Pokémon Beedrill."
                          src="https://raw.githubusercontent.com/PokeAPI/sprites/master/sprites/pokemon/15.png"
                        />
                        <div
                          class="PokemonName"
                        >
                          Beedrill
                        </div>
                        <div
                          class="PokemonNumberAndType"
                        >
                          #015
                           
                          Poison/Bug
                        </div>
                      </div>
                      <div
                        class="PokemonDescription"
                      >
                        Beedrill
                         is 
                        #015
                        , a 
                        poison/bug
                         Pokémon. 
                        Beedrill is extremely territorial. No one should ever approach its nest—this is for their own safety. If angered, they will attack in a furious swarm.
                      </div>
                    </div>
                    <br />
                  </div>
                </li>
                <li
                  class="slide"
                >
                  <div
                    data-testid="15"
                  >
                    <div
                      class="Pokemon"
                    >
                      <div
                        class="PokemonHeader"
                      >
                        <img
                          alt="Image of the Pokémon Pidgey."
                          src="https://raw.githubusercontent.com/PokeAPI/sprites/master/sprites/pokemon/16.png"
                        />
                        <div
                          class="PokemonName"
                        >
                          Pidgey
                        </div>
                        <div
                          class="PokemonNumberAndType"
                        >
                          #016
                           
                          Flying/Normal
                        </div>
                      </div>
                      <div
                        class="PokemonDescription"
                      >
                        Pidgey
                         is 
                        #016
                        , a 
                        flying/normal
                         Pokémon. 
                        Pidgey has an extremely sharp sense of direction. It is capable of unerringly returning home to its nest, however far it may be removed from its familiar surroundings.
                      </div>
                    </div>
                    <br />
                  </div>
                </li>
                <li
                  class="slide"
                >
                  <div
                    data-testid="16"
                  >
                    <div
                      class="Pokemon"
                    >
                      <div
                        class="PokemonHeader"
                      >
                        <img
                          alt="Image of the Pokémon Pidgeotto."
                          src="https://raw.githubusercontent.com/PokeAPI/sprites/master/sprites/pokemon/17.png"
                        />
                        <div
                          class="PokemonName"
                        >
                          Pidgeotto
                        </div>
                        <div
                          class="PokemonNumberAndType"
                        >
                          #017
                           
                          Flying/Normal
                        </div>
                      </div>
                      <div
                        class="PokemonDescription"
                      >
                        Pidgeotto
                         is 
                        #017
                        , a 
                        flying/normal
                         Pokémon. 
                        Pidgeotto claims a large area as its own territory. This Pokémon flies around, patrolling its living space. If its territory is violated, it shows no mercy in thoroughly punishing the foe with its sharp claws.
                      </div>
                    </div>
                    <br />
                  </div>
                </li>
                <li
                  class="slide"
                >
                  <div
                    data-testid="17"
                  >
                    <div
                      class="Pokemon"
                    >
                      <div
                        class="PokemonHeader"
                      >
                        <img
                          alt="Image of the Pokémon Pidgeot."
                          src="https://raw.githubusercontent.com/PokeAPI/sprites/master/sprites/pokemon/18.png"
                        />
                        <div
                          class="PokemonName"
                        >
                          Pidgeot
                        </div>
                        <div
                          class="PokemonNumberAndType"
                        >
                          #018
                           
                          Flying/Normal
                        </div>
                      </div>
                      <div
                        class="PokemonDescription"
                      >
                        Pidgeot
                         is 
                        #018
                        , a 
                        flying/normal
                         Pokémon. 
                        This Pokémon has a dazzling plumage of beautifully glossy feathers. Many Trainers are captivated by the striking beauty of the feathers on its head, compelling them to choose Pidgeot as their Pokémon.
                      </div>
                    </div>
                    <br />
                  </div>
                </li>
                <li
                  class="slide"
                >
                  <div
                    data-testid="18"
                  >
                    <div
                      class="Pokemon"
                    >
                      <div
                        class="PokemonHeader"
                      >
                        <img
                          alt="Image of the Pokémon Rattata."
                          src="https://raw.githubusercontent.com/PokeAPI/sprites/master/sprites/pokemon/19.png"
                        />
                        <div
                          class="PokemonName"
                        >
                          Rattata
                        </div>
                        <div
                          class="PokemonNumberAndType"
                        >
                          #019
                           
                          Normal
                        </div>
                      </div>
                      <div
                        class="PokemonDescription"
                      >
                        Rattata
                         is 
                        #019
                        , a 
                        normal
                         Pokémon. 
                        Its incisors grow continuously throughout its life. If its incisors get too long, this Pokémon becomes unable to eat, and it starves to death.
                      </div>
                    </div>
                    <br />
                  </div>
                </li>
                <li
                  class="slide"
                >
                  <div
                    data-testid="19"
                  >
                    <div
                      class="Pokemon"
                    >
                      <div
                        class="PokemonHeader"
                      >
                        <img
                          alt="Image of the Pokémon Raticate."
                          src="https://raw.githubusercontent.com/PokeAPI/sprites/master/sprites/pokemon/20.png"
                        />
                        <div
                          class="PokemonName"
                        >
                          Raticate
                        </div>
                        <div
                          class="PokemonNumberAndType"
                        >
                          #020
                           
                          Normal
                        </div>
                      </div>
                      <div
                        class="PokemonDescription"
                      >
                        Raticate
                         is 
                        #020
                        , a 
                        normal
                         Pokémon. 
                        People say that it fled from its enemies by using its small webbed hind feet to swim from island to island in Alola.
                      </div>
                    </div>
                    <br />
                  </div>
                </li>
              </ul>
            </div>
            <button
              class="control-arrow control-next control-disabled"
              type="button"
            />
          </div>
        </div>
        <div
          class="DetailedView"
        >
          <div
            class="InfoBox"
          >
            <div
              class="PokemonHeader"
            >
              <img
                alt="Image of the Pokémon Bulbasaur."
                src="https://raw.githubusercontent.com/PokeAPI/sprites/master/sprites/pokemon/1.png"
              />
              <div
                class="PokemonName"
              >
                Bulbasaur
              </div>
              <div
                class="PokemonNumberAndType"
              >
                #001
                <br />
                Poison/Grass
              </div>
            </div>
            <div
              class="Evolution"
            >
              <div
                class="spritesAndArrows"
              >
                <div
                  class="SpriteAndArrow"
                >
                  <img
                    alt="Image of Bulbasaur"
                    src="https://raw.githubusercontent.com/PokeAPI/sprites/master/sprites/pokemon/1.png"
                  />
                  <div
                    class="Arrow"
                  >
                     &gt; 
                  </div>
                </div>
                <div
                  class="SpriteAndArrow"
                >
                  <img
                    alt="Image of Ivysaur"
                    src="https://raw.githubusercontent.com/PokeAPI/sprites/master/sprites/pokemon/2.png"
                  />
                  <div
                    class="Arrow"
                  >
                     &gt; 
                  </div>
                </div>
                <div
                  class="SpriteAndArrow"
                >
                  <img
                    alt="Image of Venusaur"
                    src="https://raw.githubusercontent.com/PokeAPI/sprites/master/sprites/pokemon/3.png"
                  />
                </div>
              </div>
            </div>
            <div
              class="Moveset"
            >
              <div
                class="Move"
              >
                <div
                  class="MoveName"
                >
                  Razor-Wind
                </div>
                <div
                  class="MoveTypes"
                >
                  Normal
                </div>
                <div
                  class="MoveDescription"
                >
                  Inflicts regular damage. User's critical hit rate is one level higher when using this move. User charges for one turn before attacking. This move cannot be selected by sleep talk.
                </div>
              </div>
              <div
                class="Move"
              >
                <div
                  class="MoveName"
                >
                  Swords-Dance
                </div>
                <div
                  class="MoveTypes"
                >
                  Normal
                </div>
                <div
                  class="MoveDescription"
                >
                  Raises the user's Attack by two stages.
                </div>
              </div>
              <div
                class="Move"
              >
                <div
                  class="MoveName"
                >
                  Cut
                </div>
                <div
                  class="MoveTypes"
                >
                  Normal
                </div>
                <div
                  class="MoveDescription"
                >
                  Inflicts regular damage.
                </div>
              </div>
            </div>
          </div>
        </div>
      </div>
    </div>
  </div>,
  "debug": [Function],
  "findAllByAltText": [Function],
  "findAllByDisplayValue": [Function],
  "findAllByLabelText": [Function],
  "findAllByPlaceholderText": [Function],
  "findAllByRole": [Function],
  "findAllByTestId": [Function],
  "findAllByText": [Function],
  "findAllByTitle": [Function],
  "findByAltText": [Function],
  "findByDisplayValue": [Function],
  "findByLabelText": [Function],
  "findByPlaceholderText": [Function],
  "findByRole": [Function],
  "findByTestId": [Function],
  "findByText": [Function],
  "findByTitle": [Function],
  "getAllByAltText": [Function],
  "getAllByDisplayValue": [Function],
  "getAllByLabelText": [Function],
  "getAllByPlaceholderText": [Function],
  "getAllByRole": [Function],
  "getAllByTestId": [Function],
  "getAllByText": [Function],
  "getAllByTitle": [Function],
  "getByAltText": [Function],
  "getByDisplayValue": [Function],
  "getByLabelText": [Function],
  "getByPlaceholderText": [Function],
  "getByRole": [Function],
  "getByTestId": [Function],
  "getByText": [Function],
  "getByTitle": [Function],
  "queryAllByAltText": [Function],
  "queryAllByDisplayValue": [Function],
  "queryAllByLabelText": [Function],
  "queryAllByPlaceholderText": [Function],
  "queryAllByRole": [Function],
  "queryAllByTestId": [Function],
  "queryAllByText": [Function],
  "queryAllByTitle": [Function],
  "queryByAltText": [Function],
  "queryByDisplayValue": [Function],
  "queryByLabelText": [Function],
  "queryByPlaceholderText": [Function],
  "queryByRole": [Function],
  "queryByTestId": [Function],
  "queryByText": [Function],
  "queryByTitle": [Function],
  "rerender": [Function],
  "unmount": [Function],
}
`;
