// Jest Snapshot v1, https://goo.gl/fbAQLP

exports[`can create a pokemon 1`] = `
<div
  className="Pokemon"
  id="Maddiemon"
>
  <div
    className="PokemonHeader"
  >
    <img
      alt="Image of the Pokémon Maddiemon."
      src="https://raw.githubusercontent.com/PokeAPI/sprites/master/sprites/pokemon/1.png"
    />
    <div
      className="PokemonName"
    >
      Maddiemon
    </div>
    <div
      className="PokemonNumberAndType"
    >
      1
       
      Grass/Fighting
    </div>
  </div>
  <div
    className="PokemonDescription"
  >
    Maddiemon
     is 
    1
    , a 
    grass/fighting
     Pokémon. 
    Maddiemon is a grass Pokemon.
  </div>
</div>
`;

exports[`renders without crashing 1`] = `
Object {
  "asFragment": [Function],
  "baseElement": <body>
    <div>
      <div>
        <div
          class="SearchContainer"
        >
          <div
            class="SearchBarContainer"
          >
            <input
              class="SearchBar"
              data-testid="searchBar"
              id="searchBar"
              placeholder="Search for a Pokémon!"
              type="text"
              value=""
            />
          </div>
        </div>
        <div
          class="Carousel"
        >
          <div
            class="carousel carousel-slider"
            style="width: 100%;"
          >
            <button
              class="control-arrow control-prev control-disabled"
              type="button"
            />
            <div
              class="slider-wrapper axis-vertical"
            >
              <ul
                class="slider animated"
                style="transform: translate3d(0,0%,0); transition-duration: 350ms;"
              >
                <li
                  class="slide selected"
                >
                  <div />
                </li>
              </ul>
            </div>
            <button
              class="control-arrow control-next control-disabled"
              type="button"
            />
          </div>
        </div>
        <div />
      </div>
    </div>
  </body>,
  "container": <div>
    <div>
      <div
        class="SearchContainer"
      >
        <div
          class="SearchBarContainer"
        >
          <input
            class="SearchBar"
            data-testid="searchBar"
            id="searchBar"
            placeholder="Search for a Pokémon!"
            type="text"
            value=""
          />
        </div>
      </div>
      <div
        class="Carousel"
      >
        <div
          class="carousel carousel-slider"
          style="width: 100%;"
        >
          <button
            class="control-arrow control-prev control-disabled"
            type="button"
          />
          <div
            class="slider-wrapper axis-vertical"
          >
            <ul
              class="slider animated"
              style="transform: translate3d(0,0%,0); transition-duration: 350ms;"
            >
              <li
                class="slide selected"
              >
                <div />
              </li>
            </ul>
          </div>
          <button
            class="control-arrow control-next control-disabled"
            type="button"
          />
        </div>
      </div>
      <div />
    </div>
  </div>,
  "debug": [Function],
  "findAllByAltText": [Function],
  "findAllByDisplayValue": [Function],
  "findAllByLabelText": [Function],
  "findAllByPlaceholderText": [Function],
  "findAllByRole": [Function],
  "findAllByTestId": [Function],
  "findAllByText": [Function],
  "findAllByTitle": [Function],
  "findByAltText": [Function],
  "findByDisplayValue": [Function],
  "findByLabelText": [Function],
  "findByPlaceholderText": [Function],
  "findByRole": [Function],
  "findByTestId": [Function],
  "findByText": [Function],
  "findByTitle": [Function],
  "getAllByAltText": [Function],
  "getAllByDisplayValue": [Function],
  "getAllByLabelText": [Function],
  "getAllByPlaceholderText": [Function],
  "getAllByRole": [Function],
  "getAllByTestId": [Function],
  "getAllByText": [Function],
  "getAllByTitle": [Function],
  "getByAltText": [Function],
  "getByDisplayValue": [Function],
  "getByLabelText": [Function],
  "getByPlaceholderText": [Function],
  "getByRole": [Function],
  "getByTestId": [Function],
  "getByText": [Function],
  "getByTitle": [Function],
  "queryAllByAltText": [Function],
  "queryAllByDisplayValue": [Function],
  "queryAllByLabelText": [Function],
  "queryAllByPlaceholderText": [Function],
  "queryAllByRole": [Function],
  "queryAllByTestId": [Function],
  "queryAllByText": [Function],
  "queryAllByTitle": [Function],
  "queryByAltText": [Function],
  "queryByDisplayValue": [Function],
  "queryByLabelText": [Function],
  "queryByPlaceholderText": [Function],
  "queryByRole": [Function],
  "queryByTestId": [Function],
  "queryByText": [Function],
  "queryByTitle": [Function],
  "rerender": [Function],
  "unmount": [Function],
}
`;
