// Jest Snapshot v1, https://goo.gl/fbAQLP

exports[`can create a pokemon 1`] = `
<div
  className="pokemon"
  id="Maddiemon"
>
  <div
    className="pokemonHeader"
  >
    <img
      alt="Image of the Pokémon Maddiemon."
      src="https://raw.githubusercontent.com/PokeAPI/sprites/master/sprites/pokemon/1.png"
    />
    <div
      className="pokemonName"
    >
      Maddiemon
    </div>
    <div
      className="pokemonNumberAndType"
    >
      1
       
      Grass/Fighting
    </div>
  </div>
  <div
    className="pokemonDescription"
  >
    Maddiemon
     is 
    1
    , a 
    grass/fighting
     Pokémon. 
    Maddiemon is a grass Pokemon.
  </div>
</div>
`;
